// Vitest Snapshot v1, https://vitest.dev/guide/snapshot.html

exports[`Footer component > should render correctly 1`] = `
<DocumentFragment>
  <footer
    class="_footer_4d8704"
  >
    <div>
      <a
        alt="github"
        class="_link_4d8704"
        href="#git"
      >
        <span
          class="_icon_7e06e0 _github_4d8704"
        />
      </a>
      <div
        class="_address_4d8704"
      >
        <div>
          Address component
        </div>
      </div>
    </div>
    <p>
      Â© 2024 Designed & coded by Weiss Bai
    </p>
  </footer>
</DocumentFragment>
`;
