// Vitest Snapshot v1, https://vitest.dev/guide/snapshot.html

exports[`Loading component > should render correctly 1`] = `
<DocumentFragment>
  <div
    class="_loading_87501d"
  >
    <span
      class="_icon_7e06e0 _load_87501d"
    />
    Loading ...
  </div>
</DocumentFragment>
`;
