// Vitest Snapshot v1, https://vitest.dev/guide/snapshot.html

exports[`Error component > should render correctly 1`] = `
<DocumentFragment>
  <div
    class="_error_2fc9e1"
  >
    <span
      class="_icon_7e06e0 _alert_2fc9e1"
    />
    <h2>
      Page Not Found
    </h2>
    <div
      class="_message_2fc9e1"
    >
      <p>
        Our apologies, there has been an error.
      </p>
      <p>
        The page you are looking for could not be found.
      </p>
      <p>
        You may surf over to our other pages.
      </p>
    </div>
  </div>
</DocumentFragment>
`;
