// Vitest Snapshot v1, https://vitest.dev/guide/snapshot.html

exports[`Register component > should render correctly 1`] = `
<DocumentFragment>
  <div
    class="_register_ba6a61"
  >
    <h3
      class="title"
    >
      Sign Up
    </h3>
    <div
      class="formWrap"
    >
      <form>
        <label
          for="email"
        >
          Email
        </label>
        <input
          id="email"
          name="email"
          type="email"
        />
        <label
          for="name"
        >
          Name
        </label>
        <input
          id="name"
          name="name"
          type="text"
        />
        <label
          for="password"
        >
          Password
        </label>
        <input
          id="password"
          name="password"
          type="password"
        />
        <label
          for="confirmPassword"
        >
          Confirm Password
        </label>
        <input
          id="confirmPassword"
          name="confirmPassword"
          type="password"
        />
        <button
          class="submitBtn"
          type="submit"
        >
          Register
        </button>
      </form>
    </div>
  </div>
</DocumentFragment>
`;
